
> fractal-meteoroid@1.2.8 build
> vite build

[36mvite v7.3.0 [32mbuilding client environment for production...[36m[39m
transforming...
[32m笨・[39m 18 modules transformed.
node.exe : [31m笨・[39m Build failed in 493ms
発生場所 行:1 文字:1
+ & "C:\Program Files\nodejs/node.exe" "C:\Program Files\nodejs/node_mo ...
+ ~~~~~~~~~~~~~~~~~~~~~~~~~~~~~~~~~~~~~~~~~~~~~~~~~~~~~~~~~~~~~~~~~~~~~
    + CategoryInfo          : NotSpecified: ([31m笨・[39m Build failed in 493ms:String) [], RemoteException
    + FullyQualifiedErrorId : NativeCommandError
 
[31merror during build:
[31m[vite-plugin-pwa:build] [plugin vite-plugin-pwa:build] src/pages/ReportForm.jsx (808:14): There was an error durin
g the build:
  Transform failed with 3 errors:
C:/Users/tanak/OneDrive/AI/SaigaiReport/src/pages/ReportForm.jsx:808:14: ERROR: Unexpected closing "form" tag does not 
match opening "div" tag
C:/Users/tanak/OneDrive/AI/SaigaiReport/src/pages/ReportForm.jsx:809:10: ERROR: Unexpected closing "div" tag does not m
atch opening "form" tag
C:/Users/tanak/OneDrive/AI/SaigaiReport/src/pages/ReportForm.jsx:812:0: ERROR: Unexpected end of file before a closing 
"div" tag
Additionally, handling the error in the 'buildEnd' hook caused the following error:
  Transform failed with 3 errors:
C:/Users/tanak/OneDrive/AI/SaigaiReport/src/pages/ReportForm.jsx:808:14: ERROR: Unexpected closing "form" tag does not 
match opening "div" tag
C:/Users/tanak/OneDrive/AI/SaigaiReport/src/pages/ReportForm.jsx:809:10: ERROR: Unexpected closing "div" tag does not m
atch opening "form" tag
C:/Users/tanak/OneDrive/AI/SaigaiReport/src/pages/ReportForm.jsx:812:0: ERROR: Unexpected end of file before a closing 
"div" tag[31m
file: [36mC:/Users/tanak/OneDrive/AI/SaigaiReport/src/pages/ReportForm.jsx:808:14[31m
[33m
[33mUnexpected closing "form" tag does not match opening "div" tag[33m
806 |                      </div>
807 |                  </footer>
808 |              </form>
    |                ^
809 |          </div>
810 |      );

[33mUnexpected closing "div" tag does not match opening "form" tag[33m
807 |                  </footer>
808 |              </form>
809 |          </div>
    |            ^
810 |      );
811 |  }

[33mUnexpected end of file before a closing "div" tag[33m
810 |      );
811 |  }
812 |  
    |  ^
[31m
    at getRollupError (file:///C:/Users/tanak/OneDrive/AI/SaigaiReport/node_modules/rollup/dist/es/shared/parseAst.js:4
01:41)
    at file:///C:/Users/tanak/OneDrive/AI/SaigaiReport/node_modules/rollup/dist/es/shared/node-entry.js:23418:39
    at process.processTicksAndRejections (node:internal/process/task_queues:103:5)
    at async catchUnfinishedHookActions (file:///C:/Users/tanak/OneDrive/AI/SaigaiReport/node_modules/rollup/dist/es/sh
ared/node-entry.js:22876:16)
    at async rollupInternal (file:///C:/Users/tanak/OneDrive/AI/SaigaiReport/node_modules/rollup/dist/es/shared/node-en
try.js:23401:5)
    at async buildEnvironment (file:///C:/Users/tanak/OneDrive/AI/SaigaiReport/node_modules/vite/dist/node/chunks/confi
g.js:33540:12)
    at async Object.build (file:///C:/Users/tanak/OneDrive/AI/SaigaiReport/node_modules/vite/dist/node/chunks/config.js
:33899:19)
    at async Object.buildApp (file:///C:/Users/tanak/OneDrive/AI/SaigaiReport/node_modules/vite/dist/node/chunks/config
.js:33896:153)
    at async CAC.<anonymous> (file:///C:/Users/tanak/OneDrive/AI/SaigaiReport/node_modules/vite/dist/node/cli.js:629:3)
[39m
